// Jest Snapshot v1, https://goo.gl/fbAQLP

exports[`Rendears correctly 1`] = `ShallowWrapper {}`;

exports[`Renders correctly 1`] = `ShallowWrapper {}`;

exports[`renders correctly 1`] = `ShallowWrapper {}`;
